matches the snapshot:
  1: |
    apiVersion: core.openmfp.io/v1alpha1
    kind: ContentConfiguration
    metadata:
      name: gardener
      namespace: NAMESPACE
    spec:
      inlineConfiguration:
        content: |2-
          {
            "name": "gardener",
            "creationTimestamp": "2022-05-17T11:37:17Z",
            "luigiConfigFragment": [
              {
                "data": {
                  "nodes": [
                    {
                      "entityType": "example",
                      "pathSegment": "gardener",
                      "label": "Gardener Dashboard",
                      "virtualTree": true,
                      "initialRoute": "namespace/_all/shoots",
                      "url": "https://d.ing.gardener-op.mfp-dev.shoot.canary.k8s-hana.ondemand.com",
                      "icon": "https://d.ing.gardener-op.mfp-dev.shoot.canary.k8s-hana.ondemand.com/static/assets/logo.svg"
                    }
                  ]
                }
              }
            ]
          }
        contentType: json
  2: |
    apiVersion: core.openmfp.io/v1alpha1
    kind: ContentConfiguration
    metadata:
      name: home
      namespace: NAMESPACE
    spec:
      inlineConfiguration:
        content: "\n{\n  \"name\": \"overview\",\n  \"luigiConfigFragment\": [\n    {\n      \"data\": {\n        \"nodes\": [\n          {\n            \"entityType\": \"global\",\n            \"pathSegment\": \"home\",\n            \"label\": \"Overview\",\n            \"icon\": \"home\",\n            \"hideFromNav\": true,            \n            \"defineEntity\": {\n              \"id\": \"example\"\n            },\n            \"children\": [\n              {\n                \"pathSegment\": \"overview\",\n                \"label\": \"Overview\",\n                \"icon\": \"home\",\n                \"url\": \"https://fiddle.luigi-project.io/examples/microfrontends/multipurpose.html\",\n                \"context\": {\n                  \"title\": \"Welcome to OpenMFP Portal\",\n                  \"content\": \" \"\n                }\n              }\n            ]\n          }\n        ]\n      }\n    }\n  ]\n}"
        contentType: json
