matches the snapshot:
  1: |
    apiVersion: external-secrets.io/v1beta1
    kind: ExternalSecret
    metadata:
      name: RELEASE-NAME-portal-client-secret-portal
      namespace: NAMESPACE
    spec:
      data:
        - remoteRef:
            conversionStrategy: Default
            key: dxp-core-team/manual-secrets/portal-client-secrets
            property: portal
          secretKey: secret
      refreshInterval: 10m
      secretStoreRef:
        kind: SecretStore
        name: environment-store
      target:
        creationPolicy: Owner
        deletionPolicy: Retain
        name: portal-client-secret-portal
