match the snapshot:
  1: |
    apiVersion: rbac.authorization.k8s.io/v1
    kind: ClusterRole
    metadata:
      name: contentconfigurations-reader
    rules:
      - apiGroups:
          - core.openmfp.io
        resources:
          - contentconfigurations
        verbs:
          - get
          - watch
          - list
  2: |
    apiVersion: rbac.authorization.k8s.io/v1
    kind: ClusterRoleBinding
    metadata:
      name: read-contentconfigurations-global
    roleRef:
      apiGroup: rbac.authorization.k8s.io
      kind: ClusterRole
      name: contentconfigurations-reader
    subjects:
      - kind: ServiceAccount
        name: RELEASE-NAME
        namespace: NAMESPACE
